---
source: topics_core/src/doc.rs
expression: doc

---
Ok(
    Doc {
        source: DocSource {
            input_file: None,
            file_content: "\nkind: Topic\nname: Run screen shot tests\ndeps\n",
            doc_src_items: MultiYaml {
                items: [
                    YamlDoc {
                        line_start: 0,
                        line_end: 4,
                        content: "\nkind: Topic\nname: Run screen shot tests\ndeps",
                    },
                ],
            },
        },
        items: [],
        errors: [
            SerdeYamlErr(
                LocationError {
                    location: Some(
                        LineAndCol {
                            line_start: 1,
                            line_end: 4,
                            line: 4,
                            column: 1,
                        },
                    ),
                    input_file: None,
                    input_file_src: "\nkind: Topic\nname: Run screen shot tests\ndeps\n",
                    description: "while parsing a block mapping, did not find expected key at line 4 column 1",
                },
            ),
        ],
    },
)
